4 2 0
6 9
2 1 3 7
2 1 8 8 8

0 0
2 1 3 7
2 1 8 8 8

2 1 3 7
2 1 8 8 8

2 1 8 8 8