4 2 0
6 9
2 1 3 7
1 5 0 1 1

4 2 0
4 2 3 7
1 5 0 1 1

4 2 0
4 2 3 7 4 2 3 7
1 5 0 1 1