6 9
4 2 0
2 1 3 7
9 6
2 1 0 8 8

4 6 9 2 0
2 1 3 7
9 6
2 1 0 8 8

2 4 6 9 2 0 1 3 7
9 6
2 1 0 8 8