4 2 0
6 9
2 1 3 7
2 1 8 8 8

4 2 0
6 9
2 1 3 7
2 1 8 8 8

4 2 0
6 9
2 1 3 7
2 1 8 8 8

4 2 0
6 9
2 1 3 7
2 1 8 8 8

4 2 0
6 9
2 1 3 7
2 1 8 8 8

4 2 0
6 9
2 1 3 7
2 1 8 8 8

4 2 0
6 9
2 1 3 7
2 1 8 8 8

4 2 0
6 9
2 1 3 7
2 1 8 8 8