5 5
1 1
2 2
3 3
2 3
5 5
1 3
3 4
4 4
1 1
10 1
0 brak
-1 brak
11 brak
1 9990
2 brak
3 brak
4 brak
5 brak
53 brak
1 3
2 6
3 6
4 7
5 8
6 8
7 12
51 98
52 98
1 1
2 1
3 21
4 1231
5 32132
8 brak
12345 brak
1 4
2 4
3 4
4 4
5 5
6 6
7 6
8 6
9 7
10 7
11 100
12 1000
1 2
2 2
3 2
4 2
5 3
6 4
100 98
10000 9998
10001 brak
9999 9997
6000 5998
12 10
10000 9998
10001 brak
9999 9997
6000 5998
12 10
1 2
2 2
3 2
4 2
5 3
6 4
2 2
0 brak
10000 9998
1 2
2 2
3 2
4 2
5 3
6 4
6 4
7 5
0 brak
100 98
1 1
10 10
100 100
5 5
50 50