-1.0000000000e+00
2.5000000000e-01
-7.3214285714e-01
3.1808035714e-01
-2.6432291667e-01
9.2352120536e-01
6.6197874391e-01