-5.5676407626e+00
-2.5376507861e+00
-1.3688524014e+00
2.2782946282e+00
-4.1069546826e-01
-6.8464589492e-01
7.1993570125e-01
1.9757410072e-01