-7.6015625000e+00
2.1015625000e+00
1.5234375000e-01
1.3906250000e+00
6.9726562500e-01
-7.6757812500e-01
1.4033203125e+00
2.0117187500e+00