1: n= 4
2 2 3 3
(0,1,2) (0,1,3) (0,2,3) (1,2,3)
Number of triangles: 4
2: n= 6
1 1 2 2 3 3
(0,2,3) (0,4,5) (1,2,3) (1,4,5) (2,3,4) (2,3,5) (2,4,5) (3,4,5)
Number of triangles: 8
3: n= 6
1 2 2 3 3 4
(0,1,2) (0,3,4) (1,2,3) (1,2,4) (1,3,4) (1,3,5) (1,4,5) (2,3,4) (2,3,5) (2,4,5)
Number of triangles: 11
4: n= 4
1 1 1 1
(0,1,2) (0,1,3) (0,2,3) (1,2,3)
Number of triangles: 4
5: n= 4
1 1 3 4
Triangles cannot be built